// Jest Snapshot v1, https://goo.gl/fbAQLP

exports[`group should render correct tag 1`] = `
ShallowWrapper {
  Symbol(enzyme.__root__): ShallowWrapper {
    Symbol(enzyme.__root__): [Circular],
    Symbol(enzyme.__unrendered__): <Group
      answer={Object {}}
      headerTag={3}
      item={
        Object {
          "id": "2",
          "linkId": "2.1",
          "repeats": false,
          "text": "Overskrift",
          "type": "group",
        }
      }
      path={Array []}
      renderChildrenItems={[Function]}
      renderDeleteButton={[Function]}
      repeatButton={<div />}
    />,
    Symbol(enzyme.__renderer__): Object {
      "batchedUpdates": [Function],
      "getNode": [Function],
      "render": [Function],
      "simulateError": [Function],
      "simulateEvent": [Function],
      "unmount": [Function],
    },
    Symbol(enzyme.__node__): Object {
      "instance": null,
      "key": undefined,
      "nodeType": "host",
      "props": Object {
        "children": Array [
          <CustomTag
            tagName="h3"
          >
             Overskrift
          </CustomTag>,
          <div
            className="page_skjemautfyller__component"
          />,
          undefined,
          <div />,
        ],
        "id": "section-2",
      },
      "ref": null,
      "rendered": Array [
        Object {
          "instance": null,
          "key": undefined,
          "nodeType": "class",
          "props": Object {
            "children": " Overskrift",
            "tagName": "h3",
          },
          "ref": null,
          "rendered": " Overskrift",
          "type": [Function],
        },
        Object {
          "instance": null,
          "key": undefined,
          "nodeType": "host",
          "props": Object {
            "children": undefined,
            "className": "page_skjemautfyller__component",
          },
          "ref": null,
          "rendered": null,
          "type": "div",
        },
        undefined,
        Object {
          "instance": null,
          "key": undefined,
          "nodeType": "host",
          "props": Object {},
          "ref": null,
          "rendered": null,
          "type": "div",
        },
      ],
      "type": "section",
    },
    Symbol(enzyme.__nodes__): Array [
      Object {
        "instance": null,
        "key": undefined,
        "nodeType": "host",
        "props": Object {
          "children": Array [
            <CustomTag
              tagName="h3"
            >
               Overskrift
            </CustomTag>,
            <div
              className="page_skjemautfyller__component"
            />,
            undefined,
            <div />,
          ],
          "id": "section-2",
        },
        "ref": null,
        "rendered": Array [
          Object {
            "instance": null,
            "key": undefined,
            "nodeType": "class",
            "props": Object {
              "children": " Overskrift",
              "tagName": "h3",
            },
            "ref": null,
            "rendered": " Overskrift",
            "type": [Function],
          },
          Object {
            "instance": null,
            "key": undefined,
            "nodeType": "host",
            "props": Object {
              "children": undefined,
              "className": "page_skjemautfyller__component",
            },
            "ref": null,
            "rendered": null,
            "type": "div",
          },
          undefined,
          Object {
            "instance": null,
            "key": undefined,
            "nodeType": "host",
            "props": Object {},
            "ref": null,
            "rendered": null,
            "type": "div",
          },
        ],
        "type": "section",
      },
    ],
    Symbol(enzyme.__options__): Object {
      "adapter": ReactSixteenAdapter {
        "options": Object {
          "enableComponentDidUpdateOnSetState": true,
          "lifecycles": Object {
            "componentDidUpdate": Object {
              "onSetState": true,
            },
            "getDerivedStateFromProps": true,
            "getSnapshotBeforeUpdate": true,
            "setState": Object {
              "skipsComponentDidUpdateOnNullish": true,
            },
          },
        },
      },
      "disableLifecycleMethods": true,
    },
  },
  Symbol(enzyme.__unrendered__): null,
  Symbol(enzyme.__renderer__): Object {
    "batchedUpdates": [Function],
    "getNode": [Function],
    "render": [Function],
    "simulateError": [Function],
    "simulateEvent": [Function],
    "unmount": [Function],
  },
  Symbol(enzyme.__node__): Object {
    "instance": null,
    "key": undefined,
    "nodeType": "class",
    "props": Object {
      "children": " Overskrift",
      "tagName": "h3",
    },
    "ref": null,
    "rendered": " Overskrift",
    "type": [Function],
  },
  Symbol(enzyme.__nodes__): Array [
    Object {
      "instance": null,
      "key": undefined,
      "nodeType": "class",
      "props": Object {
        "children": " Overskrift",
        "tagName": "h3",
      },
      "ref": null,
      "rendered": " Overskrift",
      "type": [Function],
    },
  ],
  Symbol(enzyme.__options__): Object {
    "adapter": ReactSixteenAdapter {
      "options": Object {
        "enableComponentDidUpdateOnSetState": true,
        "lifecycles": Object {
          "componentDidUpdate": Object {
            "onSetState": true,
          },
          "getDerivedStateFromProps": true,
          "getSnapshotBeforeUpdate": true,
          "setState": Object {
            "skipsComponentDidUpdateOnNullish": true,
          },
        },
      },
    },
    "disableLifecycleMethods": true,
  },
  Symbol(enzyme.__rootNodes__): Array [
    Object {
      "instance": null,
      "key": undefined,
      "nodeType": "host",
      "props": Object {
        "children": Array [
          <CustomTag
            tagName="h3"
          >
             Overskrift
          </CustomTag>,
          <div
            className="page_skjemautfyller__component"
          />,
          undefined,
          <div />,
        ],
        "id": "section-2",
      },
      "ref": null,
      "rendered": Array [
        Object {
          "instance": null,
          "key": undefined,
          "nodeType": "class",
          "props": Object {
            "children": " Overskrift",
            "tagName": "h3",
          },
          "ref": null,
          "rendered": " Overskrift",
          "type": [Function],
        },
        Object {
          "instance": null,
          "key": undefined,
          "nodeType": "host",
          "props": Object {
            "children": undefined,
            "className": "page_skjemautfyller__component",
          },
          "ref": null,
          "rendered": null,
          "type": "div",
        },
        undefined,
        Object {
          "instance": null,
          "key": undefined,
          "nodeType": "host",
          "props": Object {},
          "ref": null,
          "rendered": null,
          "type": "div",
        },
      ],
      "type": "section",
    },
  ],
}
`;
